Rebooting...
ets Jun  8 2016 00:22:57

rst:0xc (SW_CPU_RESET),boot:0x13 (SPI_FAST_FLASH_BOOT)
configsip: 0, SPIWP:0xee
clk_drv:0x00,q_drv:0x00,d_drv:0x00,cs0_drv:0x00,hd_drv:0x00,wp_drv:0x00
mode:DIO, clock div:2
load:0x3fff0018,len:4
load:0x3fff001c,len:5868
load:0x40078000,len:0
load:0x40078000,len:14324
entry 0x40078620
I (28) boot: ESP-IDF v3.1-dev-957-g139a8a27-dirty 2nd stage bootloader
I (29) boot: compile time 11:59:43
I (30) boot: Enabling RNG early entropy source...
I (35) boot: SPI Speed      : 40MHz
I (39) boot: SPI Mode       : DIO
I (43) boot: SPI Flash Size : 4MB
I (48) boot: Partition Table:
I (51) boot: ## Label            Usage          Type ST Offset   Length
I (58) boot:  0 nvs              WiFi data        01 02 00009000 00004000
I (66) boot:  1 otadata          OTA data         01 00 0000d000 00002000
I (73) boot:  2 phy_init         RF data          01 01 0000f000 00001000
I (81) boot:  3 factory          factory app      00 00 00010000 00100000
I (88) boot:  4 ota_0            OTA app          00 10 00110000 00100000
I (96) boot:  5 ota_1            OTA app          00 11 00210000 00100000
I (103) boot:  6 mfi_p            Unknown data     01 82 00310000 00001000
I (111) boot:  7 storage          Unknown data     01 82 00311000 0007d000
I (118) boot: End of partition table
E (123) esp_image: image at 0x110000 has invalid magic byte
E (129) boot: OTA app partition slot 0 is not bootable
I (135) esp_image: segment 0: paddr=0x00010020 vaddr=0x3f400020 size=0x13d0c ( 81164) map
I (172) esp_image: segment 1: paddr=0x00023d34 vaddr=0x3ffb0000 size=0x03860 ( 14432) load
I (178) esp_image: segment 2: paddr=0x0002759c vaddr=0x40080000 size=0x00400 (  1024) load
0x40080000: _iram_start at /mnt/0e474266-d3ad-4927-9269-607231afb799/GoogleDrive/InProg/Freelancing/Development/esp/esp-idf/components/freertos/xtensa_vectors.S:1685

I (179) esp_image: segment 3: paddr=0x000279a4 vaddr=0x40080400 size=0x0866c ( 34412) load
I (202) esp_image: segment 4: paddr=0x00030018 vaddr=0x400d0018 size=0x6904c (430156) map
0x400d0018: _stext at ??:?

I (353) esp_image: segment 5: paddr=0x0009906c vaddr=0x40088a6c size=0x069e4 ( 27108) load
0x40088a6c: coex_timer_ts_start_disalarm at ??:?

I (364) esp_image: segment 6: paddr=0x0009fa58 vaddr=0x400c0000 size=0x00000 (     0) load
I (374) boot: Loaded app from partition at offset 0x10000
I (374) boot: Disabling RNG early entropy source...
I (376) cpu_start: Pro cpu up.
I (380) cpu_start: Starting app cpu, entry point is 0x40080f64
0x40080f64: call_start_cpu1 at /mnt/0e474266-d3ad-4927-9269-607231afb799/GoogleDrive/InProg/Freelancing/Development/esp/esp-idf/components/esp32/cpu_start.c:224

I (372) cpu_start: App cpu up.
I (391) heap_init: Initializing. RAM available for dynamic allocation:
I (397) heap_init: At 3FFAE6E0 len 00001920 (6 KiB): DRAM
I (403) heap_init: At 3FFB9348 len 00026CB8 (155 KiB): DRAM
I (410) heap_init: At 3FFE0440 len 00003BC0 (14 KiB): D/IRAM
I (416) heap_init: At 3FFE4350 len 0001BCB0 (111 KiB): D/IRAM
I (422) heap_init: At 4008F450 len 00010BB0 (66 KiB): IRAM
I (429) cpu_start: Pro cpu start user code
I (111) cpu_start: Starting scheduler on PRO CPU.
I (0) cpu_start: Starting scheduler on APP CPU.
W (132) wifi: wifi nvs_open fail ret=4353

E (132) wifi: wifi_init 1481 ret=4353
ESP_ERROR_CHECK failed: esp_err_t 0x1101 at 0x400d2e5b
0x400d2e5b: app_main at /mnt/0e474266-d3ad-4927-9269-607231afb799/GoogleDrive/InProg/Freelancing/Development/esp/SeamlessThings/esp-webserver/main/main.c:176 (discriminator 1)

file: "/mnt/0e474266-d3ad-4927-9269-607231afb799/GoogleDrive/InProg/Freelancing/Development/esp/SeamlessThings/esp-webserver/main/main.c" line 176
func: app_main
expression: esp_wifi_init(&cfg)

Backtrace: 0x4008d338:0x3ffbaf40 0x4008d7c9:0x3ffbaf60 0x400d2e5b:0x3ffbaf80 0x400d10de:0x3ffbb0b0
0x4008d338: invoke_abort at /mnt/0e474266-d3ad-4927-9269-607231afb799/GoogleDrive/InProg/Freelancing/Development/esp/esp-idf/components/esp32/panic.c:648

0x4008d7c9: _esp_error_check_failed at /mnt/0e474266-d3ad-4927-9269-607231afb799/GoogleDrive/InProg/Freelancing/Development/esp/esp-idf/components/esp32/panic.c:660

0x400d2e5b: app_main at /mnt/0e474266-d3ad-4927-9269-607231afb799/GoogleDrive/InProg/Freelancing/Development/esp/SeamlessThings/esp-webserver/main/main.c:176 (discriminator 1)

0x400d10de: main_task at /mnt/0e474266-d3ad-4927-9269-607231afb799/GoogleDrive/InProg/Freelancing/Development/esp/esp-idf/components/esp32/cpu_start.c:466


Rebooting...
